[2026-09-21T07:35:47.744325] ID: 2Pdr4gguSQg | Title: 3 Mind-Blowing Odd Facts That Sound 100% Fake! 🤯 #Shorts | URL: https://www.youtube.com/shorts/2Pdr4gguSQg
[2026-09-21T07:44:09.612718] ID: h78feSAkVF0 | Title: 3 Mind-Blowing Odd Facts That Sound 100% Fake! 🤯 #Shorts | URL: https://www.youtube.com/shorts/h78feSAkVF0
[2026-09-21T22:39:02.063804] ID: SRqiMzkiZEA | Title: 3 Psychological Facts That Will Mess With Your Mind! 🧠 #Shorts | URL: https://www.youtube.com/shorts/SRqiMzkiZEA
[2026-09-22T07:05:01.869463] ID: rYdvDe86N4I | Title: The Terrifying Mystery of The Mariana Trench! 🌊 #Shorts | URL: https://www.youtube.com/shorts/rYdvDe86N4I
[2026-09-22T07:14:52.053829] ID: ZF9h4VZWx5s | Title: The Terrifying Mystery of The Mariana Trench! 🌊 #Shorts | URL: https://www.youtube.com/shorts/ZF9h4VZWx5s
[2026-09-22T07:27:16.239058] ID: Qftx8mH2tKs | Title: The Terrifying Mystery of The Mariana Trench! 🌊 #Shorts | URL: https://www.youtube.com/shorts/Qftx8mH2tKs
[2026-09-22T07:30:09.165116] ID: ZdGP7dbBlj4 | Title: The Terrifying Mystery of The Mariana Trench! 🌊 #Shorts | URL: https://www.youtube.com/shorts/ZdGP7dbBlj4
[2026-09-22T07:43:43.131478] ID: WF_lTf84tvI | Title: The Terrifying Mystery of The Mariana Trench! 🌊 #Shorts | URL: https://www.youtube.com/shorts/WF_lTf84tvI
[2026-09-22T08:11:40.483082] ID: hiJoD9DLGGI | Title: How Old Are Your Ears? (Take The Audio Test!) 👂🔊 #Shorts | URL: https://www.youtube.com/shorts/hiJoD9DLGGI
[2026-09-23T21:17:02.210785] ID: wROJ0H54ZYU | Title: How Old Are Your Ears? 👂🔊 Take The Audio Test! #Shorts | URL: https://www.youtube.com/shorts/wROJ0H54ZYU
[2026-09-23T21:40:19.991621] ID: ERC2EnWFJgI | Title: 3 Animals With Literal Superpowers! 🪼 #Shorts | URL: https://www.youtube.com/shorts/ERC2EnWFJgI
[2026-09-23T19:51:25.870476] ID: CX11LoowepQ | Title: 3 Insane Facts About Your Own Body! 🫀 #Shorts | URL: https://www.youtube.com/shorts/CX11LoowepQ
[2026-09-24T00:55:54.334465] ID: lPqDgYvBE9I | Title: The Planet Made Entirely of Diamonds! 💎 #Shorts | URL: https://www.youtube.com/shorts/lPqDgYvBE9I
[2026-09-24T07:38:02.356648] ID: Ro-BcTUn4cc | Title: 3 Bizarre Animal Facts You Won't Believe! 🐙 #Shorts | URL: https://www.youtube.com/shorts/Ro-BcTUn4cc
[2026-09-24T17:17:57.346998] ID: 2Wun_1EoS20 | Title: History Facts That Will Warp Your Brain! ⏳ #Shorts | URL: https://www.youtube.com/shorts/2Wun_1EoS20
[2026-09-24T20:10:14.369636] ID: 1AysaRNe6qk | Title: The Heaviest Teaspoon in the Universe #Shorts | URL: https://www.youtube.com/shorts/1AysaRNe6qk
[2026-09-25T00:52:40.070914] ID: pSiAk-Jlnog | Title: What Happens If You Fall Into a Black Hole? #Shorts | URL: https://www.youtube.com/shorts/pSiAk-Jlnog
[2026-09-25T07:47:37.557289] ID: UMXJs2VZdvk | Title: The Solar Storm That Could End The Internet #Shorts | URL: https://www.youtube.com/shorts/UMXJs2VZdvk
[2026-09-25T17:17:11.720248] ID: P8wmqP_zQyQ | Title: How Bulletproof Glass ACTUALLY Stops a Bullet #Shorts | URL: https://www.youtube.com/shorts/P8wmqP_zQyQ
[2026-09-25T20:09:24.394891] ID: 0hTOK_pTalA | Title: The Coldest Place in the Known Universe #Shorts | URL: https://www.youtube.com/shorts/0hTOK_pTalA
[2026-09-26T00:54:39.345978] ID: g3EgEnbKSd8 | Title: The 80,000 Year Old Living Organism #Shorts | URL: https://www.youtube.com/shorts/g3EgEnbKSd8
[2026-09-26T07:39:51.628982] ID: a99ZQJteiCQ | Title: The Planet Where It Rains Molten Glass! 💎 #Shorts | URL: https://www.youtube.com/shorts/a99ZQJteiCQ
[2026-09-26T16:28:45.635905] ID: 3TFQxOibBhw | Title: The Immortal Creature That Grows Back From Nothing! 🧬 #Shorts | URL: https://www.youtube.com/shorts/3TFQxOibBhw
[2026-09-26T19:25:03.831720] ID: yXtKO85yDSI | Title: 3 Mind-Blowing Odd Facts That Sound 100% Fake! 🤯 #Shorts | URL: https://www.youtube.com/shorts/yXtKO85yDSI
[2026-09-27T06:59:16.908672] ID: i48eBgB5Mfs | Title: The Animal That Punches Faster Than a Bullet! 🥊 #Shorts | URL: https://www.youtube.com/shorts/i48eBgB5Mfs
[2026-09-27T20:05:40.996775] ID: N8X0VU3l8HI | Title: 3 Psychological Facts That Will Mess With Your Mind! 🧠 #Shorts | URL: https://www.youtube.com/shorts/N8X0VU3l8HI
[2026-09-27T15:10:53.085080] ID: 48xykEF5OBk | Title: The Terrifying Mystery of The Mariana Trench! 🌊 #Shorts | URL: https://www.youtube.com/shorts/48xykEF5OBk
[2026-09-27T18:43:07.774529] ID: ekNXVLKHjNU | Title: 3 Animals With Literal Superpowers! 🪼 #Shorts | URL: https://www.youtube.com/shorts/ekNXVLKHjNU
[2026-09-27T23:26:34.019475] ID: 8C4qwwbZ35w | Title: 3 Insane Facts About Your Own Body! 🫀 #Shorts | URL: https://www.youtube.com/shorts/8C4qwwbZ35w
[2026-10-01T07:38:26.056391] Topic: what_actually_happens_to_fat | ID: 63BB1kR1LHU | Title: What ACTUALLY Happens to Fat When You Lose Weight? 🏃⚠️ #Shorts | URL: https://www.youtube.com/shorts/63BB1kR1LHU
[2026-10-01T12:13:46.347432] Topic: root_canal_procedure | ID: FJpU0XHa67s | Title: What ACTUALLY Happens During a Root Canal? 🦷⚠️ #Shorts | URL: https://www.youtube.com/shorts/FJpU0XHa67s
[2026-10-01T12:53:42.350818] Topic: heart_stent_procedure | ID: dNOzybZ0T80 | Title: How a Heart Stent ACTUALLY Saves Your Life! ❤️⚠️ #Shorts | URL: https://www.youtube.com/shorts/dNOzybZ0T80
[2026-10-02T00:56:27.418531] Topic: danger_triangle_pimple | ID: yzWwtJWKW2A | Title: Why You Should NEVER Pop a Pimple Here! ⚠️👃 #Shorts | URL: https://www.youtube.com/shorts/yzWwtJWKW2A
[2026-10-02T05:34:04.578632] Topic: stroke_mechanism_3d | ID: 8eM8VMh5EVM | Title: What ACTUALLY Happens During a Stroke? 🧠⚠️ #Shorts | URL: https://www.youtube.com/shorts/8eM8VMh5EVM
[2026-10-02T16:20:54.005912] Topic: kidney_stones_procedure | ID: wmFuxrr-cVM | Title: How Doctors ACTUALLY Dissolve Kidney Stones! 🪨⚠️ #Shorts | URL: https://www.youtube.com/shorts/wmFuxrr-cVM
[2026-10-02T19:37:26.011414] Topic: lasik_eye_surgery | ID: KUZKYqPrVwk | Title: What ACTUALLY Happens During LASIK Eye Surgery! 👁️⚠️ #Shorts | URL: https://www.youtube.com/shorts/KUZKYqPrVwk
[2026-10-03T06:38:35.600970] Topic: what_happens_hold_pee | ID: kKQxhFSI1Rw | Title: What ACTUALLY Happens If You Hold Your Pee? 🚽⚠️ #Shorts | URL: https://www.youtube.com/shorts/kKQxhFSI1Rw
[2026-10-03T14:49:54.867170] Topic: sleeping_with_headphones | ID: C8MdMtgWk7I | Title: What REALLY Happens If You Sleep With Headphones? 🎧⚠️ #Shorts | URL: https://www.youtube.com/shorts/C8MdMtgWk7I
[2026-10-03T18:22:29.568985] Topic: how_bones_make_blood | ID: LGS6S5LJgTc | Title: How Your Bones ACTUALLY Make Blood! 🦴🩸 #Shorts | URL: https://www.youtube.com/shorts/LGS6S5LJgTc
[2026-10-03T23:27:22.799065] Topic: what_caffeine_does_to_brain | ID: GuYzcH26mSY | Title: What Coffee ACTUALLY Does To Your Brain! ☕🧠 #Shorts | URL: https://www.youtube.com/shorts/GuYzcH26mSY
[2026-10-04T05:52:13.088588] Topic: how_eyes_merge_vision | ID: NYU1bzHrdGA | Title: How Your Eyes ACTUALLY Create What You See! 👁️🧠 #Shorts | URL: https://www.youtube.com/shorts/NYU1bzHrdGA
[2026-10-08T00:54:36.794305] Topic: energy_drink_brain_impact | ID: telegram | Title: What Energy Drinks ACTUALLY Do To Your Brain! ⚡ᾞ0 #Shorts | URL: telegram-delivery
[2026-10-08T02:47:22.301459] Topic: heart_attack_mechanism | ID: telegram | Title: What ACTUALLY Happens During a Heart Attack! 🫀⚠️ #Shorts | URL: telegram-delivery
[2026-10-08T02:51:05.053493] Topic: sunburn_mechanism | ID: telegram | Title: What ACTUALLY Happens When You Get Sunburned! ☀️⚠️ #Shorts | URL: telegram-delivery
[2026-10-09T01:34:35.973195] Topic: wound_healing_itch | ID: telegram | Title: Why Do Wounds Itch When They Heal? 🩹 #Shorts | URL: telegram-delivery
[2026-10-09T01:38:04.494907] Topic: sugar_rush_crash | ID: telegram | Title: What Sugar ACTUALLY Does Inside Your Body! 🍬⚠️ #Shorts | URL: telegram-delivery
[2026-10-09T04:19:29.266427] Topic: broken_bone_healing | ID: telegram | Title: What ACTUALLY Happens When You Break a Bone! 🦴⚠️ #Shorts | URL: telegram-delivery
[2026-10-09T04:22:42.099601] Topic: kidney_stone_causes | ID: telegram | Title: What ACTUALLY Causes Kidney Stones! 🪨⚠️ #Shorts | URL: telegram-delivery
[2026-10-10T04:04:31.759032] Topic: never_rub_eyes | ID: telegram | Title: Why You Should NEVER Rub Your Eyes! 👁️⚠️ #Shorts | URL: telegram-delivery
[2026-10-10T04:07:43.665262] Topic: loud_music_ears_damage | ID: telegram | Title: What Loud Music ACTUALLY Does To Your Ears! 🎧⚠️ #Shorts | URL: telegram-delivery
[2026-10-11T03:39:34.135012] Topic: never_ignore_toothache | ID: telegram | Title: Why You Should NEVER Ignore a Toothache! 🦷⚠️ #Shorts | URL: telegram-delivery
[2026-10-11T03:42:56.200818] Topic: crying_mechanism | ID: telegram | Title: What ACTUALLY Happens When You Cry! 😢 #Shorts | URL: telegram-delivery
